START log: /home/kcnc/code/tools/vibe-practicum-vpn/snapshots/kcnc-oneshot/start-20260501-022445.log
snapshot saved: /home/kcnc/code/tools/vibe-practicum-vpn/snapshots/kcnc-oneshot/before-20260501-022445.txt

### stopping V2RayA workaround for clean test

### sudo systemctl disable --now sing-box-vibe-local.service
Failed to disable unit: Unit sing-box-vibe-local.service does not exist
### rc=1: sudo systemctl disable --now sing-box-vibe-local.service

### sudo systemctl disable --now sing-box-vibe-kcnc-oneshot.service
Failed to disable unit: Unit sing-box-vibe-kcnc-oneshot.service does not exist
### rc=1: sudo systemctl disable --now sing-box-vibe-kcnc-oneshot.service

### sudo ip link delete vibe-tun0
Cannot find device "vibe-tun0"
### rc=1: sudo ip link delete vibe-tun0

### Tailscale mesh only

### sudo tailscale up --accept-routes=false --exit-node= --exit-node-allow-lan-access=false --accept-dns=false --operator=kcnc
### rc=0: sudo tailscale up --accept-routes=false --exit-node= --exit-node-allow-lan-access=false --accept-dns=false --operator=kcnc

### ip route get 100.121.107.112
100.121.107.112 dev tailscale0 table 52 src 100.68.65.56 uid 0 
    cache 
### rc=0: ip route get 100.121.107.112

### timeout 5 bash -lc </dev/tcp/100.121.107.112/2080
### rc=0: timeout 5 bash -lc </dev/tcp/100.121.107.112/2080

### curl_socks_probe VPS SOCKS real egress https://ifconfig.me

--- PROBE: VPS SOCKS real egress
212.118.52.190
--- PROBE rc=0: VPS SOCKS real egress
### rc=0: curl_socks_probe VPS SOCKS real egress https://ifconfig.me

### curl_socks_probe VPS SOCKS Telegram API https://api.telegram.org

--- PROBE: VPS SOCKS Telegram API
<html>
<head><title>302 Found</title></head>
<body>
<center><h1>302 Found</h1></center>
<hr><center>nginx/1.18.0</center>
</body>
</html>

--- PROBE rc=0: VPS SOCKS Telegram API
### rc=0: curl_socks_probe VPS SOCKS Telegram API https://api.telegram.org
Preflight failed; not starting TUN. See log: /home/kcnc/code/tools/vibe-practicum-vpn/snapshots/kcnc-oneshot/start-20260501-022445.log

### final snapshot
snapshot saved: /home/kcnc/code/tools/vibe-practicum-vpn/snapshots/kcnc-oneshot/final-20260501-022445.txt
log saved: /home/kcnc/code/tools/vibe-practicum-vpn/snapshots/kcnc-oneshot/start-20260501-022445.log
rollback: sudo /home/kcnc/code/tools/vibe-practicum-vpn/scripts/kcnc-oneshot-stop.sh
RESULT: FAIL rc=20 STEP_FAILED=1
