openvpn_status=ready
duplicate_redirect_warning=yes
2026-06-08 17:17:19 [vibe-asus] Peer Connection Initiated with [AF_INET]<IP>:1194
2026-06-08 17:17:19 PUSH: Received control message: 'PUSH_REPLY,redirect-gateway def1 bypass-dhcp,dhcp-option DNS <IP>,route-gateway <IP>,topology subnet,ping 10,ping-restart 120,ifconfig <IP> <IP>,peer-id 0,cipher AES-256-GCM,protocol-flags cc-exit tls-ekm dyn-tls-crypt,tun-mtu 1400'
2026-06-08 17:17:19 Initialization Sequence Completed
2026-06-08 17:17:19 Data Channel: cipher 'AES-256-GCM', peer-id: 0
timestamp=2026-06-08T17:17:20Z
tun0=present cidr_hash=d08a69e2
split_default_routes=2
route_checks_start
route_to_1_1_1_1=ok dev=tun0 route=<IP> via <IP> dev tun0 src <IP> uid 0 
route_to_8_8_8_8=ok dev=tun0 route=<IP> via <IP> dev tun0 src <IP> uid 0 
icmp_checks_start
ping_1_1_1_1=ok loss=0% avg_ms=103.397
ping_8_8_8_8=ok loss=0% avg_ms=103.218
dns_checks_start
dns_example_via_<IP>=ok
dns_x_via_<IP>=ok
dns_ya_via_<IP>=ok
dns_linkedin_via_<IP>=ok
http_access_checks_start
access_x_com=ok http_code=200 remote_ip_hash=442789a3
access_ya_ru=ok http_code=302 remote_ip_hash=3df60c2a
access_linkedin_com=ok http_code=200 remote_ip_hash=a75b4079
ip_identity_checks_start
ip_ifconfig_me=ok ip_hash=9660050a ip_count=1
ip_api_ipify=ok ip_hash=9660050a ip_count=1
ip_yandex_internetometer=ok ip_hash=ab71c6f0 ip_count=5
ipv6_leak_check_start
ipv6_public=none_or_unreachable
literal_ip_https_check_start
access_one_one_one_one_literal=ok http_code=200 remote_ip_hash=f1412386
