# Root final profile rerun
timestamp=2026-06-08T17:21:23Z
profile_path=secrets/vps/openvpn/client/rabotau-na-failover-20260608T162953Z/phone.ovpn
variants=domain endpoint1 endpoint2
== domain ==
openvpn_status=ready
duplicate_redirect_warning=yes
2026-06-08 17:21:24 [vibe-asus] Peer Connection Initiated with [AF_INET]<IP>:1194
2026-06-08 17:21:24 PUSH: Received control message: 'PUSH_REPLY,redirect-gateway def1 bypass-dhcp,dhcp-option DNS <IP>,route-gateway <IP>,topology subnet,ping 10,ping-restart 120,ifconfig <IP> <IP>,peer-id 1,cipher AES-256-GCM,protocol-flags cc-exit tls-ekm dyn-tls-crypt,tun-mtu 1400'
2026-06-08 17:21:24 Initialization Sequence Completed
2026-06-08 17:21:24 Data Channel: cipher 'AES-256-GCM', peer-id: 1
timestamp=2026-06-08T17:21:25Z
tun0=present cidr_hash=d08a69e2
split_default_routes=2
route_checks_start
route_to_1_1_1_1=ok dev=tun0 route=<IP> via <IP> dev tun0 src <IP> uid 0 
route_to_8_8_8_8=ok dev=tun0 route=<IP> via <IP> dev tun0 src <IP> uid 0 
icmp_checks_start
ping_1_1_1_1=ok loss=0% avg_ms=109.243
ping_8_8_8_8=ok loss=0% avg_ms=107.963
dns_checks_start
dns_example_via_<IP>=ok
dns_x_via_<IP>=ok
dns_ya_via_<IP>=ok
dns_linkedin_via_<IP>=ok
http_access_checks_start
access_x_com=ok http_code=200 remote_ip_hash=0458bbfb
access_ya_ru=ok http_code=302 remote_ip_hash=c11a90cd
access_linkedin_com=ok http_code=200 remote_ip_hash=a75b4079
ip_identity_checks_start
ip_ifconfig_me=ok ip_hash=9660050a ip_count=1
ip_api_ipify=ok ip_hash=9660050a ip_count=1
ip_yandex_internetometer=ok ip_hash=ab71c6f0 ip_count=5
ipv6_leak_check_start
ipv6_public=none_or_unreachable
literal_ip_https_check_start
access_one_one_one_one_literal=ok http_code=200 remote_ip_hash=f1412386
== endpoint1 ==
openvpn_status=ready
duplicate_redirect_warning=yes
2026-06-08 17:21:37 [vibe-asus] Peer Connection Initiated with [AF_INET]<IP>:1194
2026-06-08 17:21:37 PUSH: Received control message: 'PUSH_REPLY,redirect-gateway def1 bypass-dhcp,dhcp-option DNS <IP>,route-gateway <IP>,topology subnet,ping 10,ping-restart 120,ifconfig <IP> <IP>,peer-id 0,cipher AES-256-GCM,protocol-flags cc-exit tls-ekm dyn-tls-crypt,tun-mtu 1400'
2026-06-08 17:21:37 Initialization Sequence Completed
2026-06-08 17:21:37 Data Channel: cipher 'AES-256-GCM', peer-id: 0
timestamp=2026-06-08T17:21:38Z
tun0=present cidr_hash=d08a69e2
split_default_routes=2
route_checks_start
route_to_1_1_1_1=ok dev=tun0 route=<IP> via <IP> dev tun0 src <IP> uid 0 
route_to_8_8_8_8=ok dev=tun0 route=<IP> via <IP> dev tun0 src <IP> uid 0 
icmp_checks_start
ping_1_1_1_1=ok loss=0% avg_ms=105.220
ping_8_8_8_8=ok loss=0% avg_ms=103.891
dns_checks_start
dns_example_via_<IP>=ok
dns_x_via_<IP>=ok
dns_ya_via_<IP>=ok
dns_linkedin_via_<IP>=ok
http_access_checks_start
access_x_com=ok http_code=200 remote_ip_hash=4c6ed7fe
access_ya_ru=ok http_code=302 remote_ip_hash=3df60c2a
access_linkedin_com=ok http_code=200 remote_ip_hash=a75b4079
ip_identity_checks_start
ip_ifconfig_me=ok ip_hash=9660050a ip_count=1
ip_api_ipify=ok ip_hash=9660050a ip_count=1
ip_yandex_internetometer=ok ip_hash=ab71c6f0 ip_count=5
ipv6_leak_check_start
ipv6_public=none_or_unreachable
literal_ip_https_check_start
access_one_one_one_one_literal=ok http_code=200 remote_ip_hash=f1412386
== endpoint2 ==
openvpn_status=ready
duplicate_redirect_warning=yes
2026-06-08 17:21:49 [vibe-asus] Peer Connection Initiated with [AF_INET]<IP>:1194
2026-06-08 17:21:49 PUSH: Received control message: 'PUSH_REPLY,redirect-gateway def1 bypass-dhcp,dhcp-option DNS <IP>,route-gateway <IP>,topology subnet,ping 10,ping-restart 120,ifconfig <IP> <IP>,peer-id 0,cipher AES-256-GCM,protocol-flags cc-exit tls-ekm dyn-tls-crypt,tun-mtu 1400'
2026-06-08 17:21:49 Initialization Sequence Completed
2026-06-08 17:21:49 Data Channel: cipher 'AES-256-GCM', peer-id: 0
timestamp=2026-06-08T17:21:50Z
tun0=present cidr_hash=d08a69e2
split_default_routes=2
route_checks_start
route_to_1_1_1_1=ok dev=tun0 route=<IP> via <IP> dev tun0 src <IP> uid 0 
route_to_8_8_8_8=ok dev=tun0 route=<IP> via <IP> dev tun0 src <IP> uid 0 
icmp_checks_start
ping_1_1_1_1=ok loss=0% avg_ms=111.111
ping_8_8_8_8=ok loss=0% avg_ms=114.343
dns_checks_start
dns_example_via_<IP>=ok
dns_x_via_<IP>=ok
dns_ya_via_<IP>=ok
dns_linkedin_via_<IP>=ok
http_access_checks_start
access_x_com=ok http_code=200 remote_ip_hash=0458bbfb
access_ya_ru=ok http_code=302 remote_ip_hash=3df60c2a
access_linkedin_com=ok http_code=200 remote_ip_hash=d2d40608
ip_identity_checks_start
ip_ifconfig_me=ok ip_hash=7550d5ca ip_count=1
ip_api_ipify=ok ip_hash=7550d5ca ip_count=1
ip_yandex_internetometer=ok ip_hash=ab71c6f0 ip_count=5
ipv6_leak_check_start
ipv6_public=none_or_unreachable
literal_ip_https_check_start
access_one_one_one_one_literal=ok http_code=200 remote_ip_hash=f1412386
